 GNU assembler version 2.42 (x86_64-linux-gnu)
	 using BFD version (GNU Binutils for Ubuntu) 2.42.
 options passed	: -I --64 -aghlns=src/error.c.lst 
 input file    	: /tmp/cc3GKtFZ.s
 output file   	: sdl2/error.o
 target        	: x86_64-pc-linux-gnu
 time stamp    	: 2025-03-16T09:20:33.000-0400

   1              		.file	"error.c"
   2              		.text
   3              		.section	.rodata.str1.1,"aMS",@progbits,1
   4              	.LC0:
   5 0000 4572726F 		.string	"Error - font not found!"
   5      72202D20 
   5      666F6E74 
   5      206E6F74 
   5      20666F75 
   6              	.LC1:
   7 0018 4572726F 		.string	"Error: menu text too long!"
   7      723A206D 
   7      656E7520 
   7      74657874 
   7      20746F6F 
   8              		.section	.rodata.str1.8,"aMS",@progbits,1
   9              		.align 8
  10              	.LC2:
  11 0000 4572726F 		.string	"Error: unaligned write to heap!"
  11      723A2075 
  11      6E616C69 
  11      676E6564 
  11      20777269 
  12              		.text
  13              		.p2align 4
  14              		.globl	error_exit
  15              		.type	error_exit, @function
  16              	error_exit:
  17              	.LFB6512:
  18              		.cfi_startproc
  19 0000 F30F1EFA 		endbr64
  20 0004 4883EC08 		subq	$8, %rsp
  21              		.cfi_def_cfa_offset 16
  22 0008 85FF     		testl	%edi, %edi
  23 000a 7505     		jne	.L8
  24 000c 4883C408 		addq	$8, %rsp
  25              		.cfi_remember_state
  26              		.cfi_def_cfa_offset 8
  27 0010 C3       		ret
  28              	.L8:
  29              		.cfi_restore_state
  30 0011 781B     		js	.L3
  31 0013 83FF02   		cmpl	$2, %edi
  32 0016 742E     		je	.L4
  33 0018 83FF03   		cmpl	$3, %edi
  34 001b 741B     		je	.L5
  35 001d 83EF01   		subl	$1, %edi
  36 0020 750C     		jne	.L3
  37 0022 488D3D00 		leaq	.LC0(%rip), %rdi
  37      000000
  38 0029 E8000000 		call	puts@PLT
  38      00
  39              	.L3:
  40 002e BF010000 		movl	$1, %edi
  40      00
  41 0033 E8000000 		call	exit@PLT
  41      00
  42              	.L5:
  43 0038 488D3D00 		leaq	.LC2(%rip), %rdi
  43      000000
  44 003f E8000000 		call	puts@PLT
  44      00
  45 0044 EBE8     		jmp	.L3
  46              	.L4:
  47 0046 488D3D00 		leaq	.LC1(%rip), %rdi
  47      000000
  48 004d E8000000 		call	puts@PLT
  48      00
  49 0052 EBDA     		jmp	.L3
  50              		.cfi_endproc
  51              	.LFE6512:
  52              		.size	error_exit, .-error_exit
  53              		.ident	"GCC: (Ubuntu 13.3.0-6ubuntu2~24.04) 13.3.0"
  54              		.section	.note.GNU-stack,"",@progbits
  55              		.section	.note.gnu.property,"a"
  56              		.align 8
  57 0000 04000000 		.long	1f - 0f
  58 0004 10000000 		.long	4f - 1f
  59 0008 05000000 		.long	5
  60              	0:
  61 000c 474E5500 		.string	"GNU"
  62              	1:
  63              		.align 8
  64 0010 020000C0 		.long	0xc0000002
  65 0014 04000000 		.long	3f - 2f
  66              	2:
  67 0018 03000000 		.long	0x3
  68              	3:
  69 001c 00000000 		.align 8
  70              	4:
DEFINED SYMBOLS
                            *ABS*:0000000000000000 error.c
     /tmp/cc3GKtFZ.s:16     .text:0000000000000000 error_exit
     /tmp/cc3GKtFZ.s:4      .rodata.str1.1:0000000000000000 .LC0
     /tmp/cc3GKtFZ.s:10     .rodata.str1.8:0000000000000000 .LC2
     /tmp/cc3GKtFZ.s:6      .rodata.str1.1:0000000000000018 .LC1

UNDEFINED SYMBOLS
puts
exit
